// Jest Snapshot v1, https://goo.gl/fbAQLP

exports[`core tests renders without crashing 1`] = `null`;
